0 verbose cli C:\nvm4w\nodejs\node.exe C:\nvm4w\nodejs\node_modules\npm\bin\npm-cli.js
1 info using npm@11.6.2
2 info using node@v24.13.0
3 silly config load:file:C:\Program Files\nvm\v24.13.0\node_modules\npm\npmrc
4 silly config load:file:F:\campaignAI\backend\.npmrc
5 silly config load:file:C:\Users\DELL\.npmrc
6 silly config load:file:C:\nvm4w\nodejs\etc\npmrc
7 verbose title npm init
8 verbose argv "init" "--yes"
9 verbose logfile logs-max:10 dir:F:\campaignAI\backend\npm-cache\_logs\2026-06-12T06_16_24_498Z-
10 verbose logfile F:\campaignAI\backend\npm-cache\_logs\2026-06-12T06_16_24_498Z-debug-0.log
11 silly logfile done cleaning log files
12 http fetch GET 200 https://registry.npmjs.org/npm 666ms
13 silly package data {
13 silly package data   name: 'backend',
13 silly package data   version: '1.0.0',
13 silly package data   description: '',
13 silly package data   main: 'index.js',
13 silly package data   scripts: { test: 'echo "Error: no test specified" && exit 1' },
13 silly package data   keywords: [],
13 silly package data   author: '',
13 silly package data   license: 'ISC',
13 silly package data   type: 'commonjs'
13 silly package data }
14 verbose cwd F:\campaignAI\backend
15 verbose os Windows_NT 10.0.26200
16 verbose node v24.13.0
17 verbose npm  v11.6.2
18 notice
18 notice New [33mminor[39m version of npm available! [33m11.6.2[39m -> [34m11.17.0[39m
18 notice Changelog: [34mhttps://github.com/npm/cli/releases/tag/v11.17.0[39m
18 notice To update run: [4mnpm install -g npm@11.17.0[24m
18 notice  { force: true, Symbol(proc-log.meta): true }
19 verbose exit 0
20 info ok
