0 verbose cli C:\nvm4w\nodejs\node.exe C:\nvm4w\nodejs\node_modules\npm\bin\npm-cli.js
1 info using npm@11.6.2
2 info using node@v24.13.0
3 silly config load:file:C:\Program Files\nvm\v24.13.0\node_modules\npm\npmrc
4 silly config load:file:F:\campaignAI\backend\.npmrc
5 silly config load:file:C:\Users\DELL\.npmrc
6 silly config load:file:C:\nvm4w\nodejs\etc\npmrc
7 verbose title npm install express cors mongoose dotenv
8 verbose argv "install" "express" "cors" "mongoose" "dotenv"
9 verbose logfile logs-max:10 dir:F:\campaignAI\backend\npm-cache\_logs\2026-06-12T06_16_45_079Z-
10 verbose logfile F:\campaignAI\backend\npm-cache\_logs\2026-06-12T06_16_45_079Z-debug-0.log
11 silly logfile done cleaning log files
12 silly packumentCache heap:2348810240 maxSize:587202560 maxEntrySize:293601280
13 silly idealTree buildDeps
14 silly fetch manifest express@*
15 silly packumentCache full:https://registry.npmjs.org/express cache-miss
16 http fetch GET 200 https://registry.npmjs.org/express 229ms (cache miss)
17 silly packumentCache full:https://registry.npmjs.org/express set size:undefined disposed:false
18 silly fetch manifest cors@*
19 silly packumentCache full:https://registry.npmjs.org/cors cache-miss
20 http fetch GET 200 https://registry.npmjs.org/cors 51ms (cache miss)
21 silly packumentCache full:https://registry.npmjs.org/cors set size:undefined disposed:false
22 silly fetch manifest mongoose@*
23 silly packumentCache full:https://registry.npmjs.org/mongoose cache-miss
24 http fetch GET 200 https://registry.npmjs.org/mongoose 156ms (cache miss)
25 silly packumentCache full:https://registry.npmjs.org/mongoose set size:undefined disposed:false
26 silly fetch manifest dotenv@*
27 silly packumentCache full:https://registry.npmjs.org/dotenv cache-miss
28 http fetch GET 200 https://registry.npmjs.org/dotenv 59ms (cache miss)
29 silly packumentCache full:https://registry.npmjs.org/dotenv set size:undefined disposed:false
30 silly placeDep ROOT cors@2.8.6 OK for: backend@1.0.0 want: *
31 silly placeDep ROOT dotenv@17.4.2 OK for: backend@1.0.0 want: *
32 silly placeDep ROOT express@5.2.1 OK for: backend@1.0.0 want: *
33 silly placeDep ROOT mongoose@9.7.0 OK for: backend@1.0.0 want: *
34 silly fetch manifest object-assign@^4
35 silly packumentCache full:https://registry.npmjs.org/object-assign cache-miss
36 silly fetch manifest vary@^1
37 silly packumentCache full:https://registry.npmjs.org/vary cache-miss
38 silly fetch manifest qs@^6.14.0
39 silly packumentCache full:https://registry.npmjs.org/qs cache-miss
40 silly fetch manifest depd@^2.0.0
41 silly packumentCache full:https://registry.npmjs.org/depd cache-miss
42 silly fetch manifest etag@^1.8.1
43 silly packumentCache full:https://registry.npmjs.org/etag cache-miss
44 silly fetch manifest once@^1.4.0
45 silly packumentCache full:https://registry.npmjs.org/once cache-miss
46 silly fetch manifest send@^1.1.0
47 silly packumentCache full:https://registry.npmjs.org/send cache-miss
48 silly fetch manifest vary@^1.1.2
49 silly packumentCache full:https://registry.npmjs.org/vary cache-miss
50 silly fetch manifest debug@^4.4.0
51 silly packumentCache full:https://registry.npmjs.org/debug cache-miss
52 silly fetch manifest fresh@^2.0.0
53 silly packumentCache full:https://registry.npmjs.org/fresh cache-miss
54 silly fetch manifest cookie@^0.7.1
55 silly packumentCache full:https://registry.npmjs.org/cookie cache-miss
56 http fetch GET 200 https://registry.npmjs.org/object-assign 47ms (cache miss)
57 silly packumentCache full:https://registry.npmjs.org/object-assign set size:undefined disposed:false
58 silly fetch manifest router@^2.2.0
59 silly packumentCache full:https://registry.npmjs.org/router cache-miss
60 http fetch GET 200 https://registry.npmjs.org/router 47ms (cache miss)
61 silly packumentCache full:https://registry.npmjs.org/router set size:undefined disposed:false
62 silly fetch manifest accepts@^2.0.0
63 silly packumentCache full:https://registry.npmjs.org/accepts cache-miss
64 http fetch GET 200 https://registry.npmjs.org/once 166ms (cache miss)
65 silly packumentCache full:https://registry.npmjs.org/once set size:undefined disposed:false
66 silly fetch manifest type-is@^2.0.1
67 silly packumentCache full:https://registry.npmjs.org/type-is cache-miss
68 http fetch GET 200 https://registry.npmjs.org/etag 178ms (cache miss)
69 silly packumentCache full:https://registry.npmjs.org/etag set size:undefined disposed:false
70 silly fetch manifest parseurl@^1.3.3
71 silly packumentCache full:https://registry.npmjs.org/parseurl cache-miss
72 http fetch GET 200 https://registry.npmjs.org/vary 186ms (cache miss)
73 silly packumentCache full:https://registry.npmjs.org/vary set size:undefined disposed:false
74 silly fetch manifest statuses@^2.0.1
75 silly packumentCache full:https://registry.npmjs.org/statuses cache-miss
76 http fetch GET 200 https://registry.npmjs.org/vary 195ms (cache miss)
77 silly packumentCache full:https://registry.npmjs.org/vary set size:undefined disposed:false
78 silly fetch manifest encodeurl@^2.0.0
79 silly packumentCache full:https://registry.npmjs.org/encodeurl cache-miss
80 http fetch GET 200 https://registry.npmjs.org/fresh 200ms (cache miss)
81 silly packumentCache full:https://registry.npmjs.org/fresh set size:undefined disposed:false
82 silly fetch manifest mime-types@^3.0.0
83 silly packumentCache full:https://registry.npmjs.org/mime-types cache-miss
84 http fetch GET 200 https://registry.npmjs.org/depd 213ms (cache miss)
85 silly packumentCache full:https://registry.npmjs.org/depd set size:undefined disposed:false
86 silly fetch manifest proxy-addr@^2.0.7
87 silly packumentCache full:https://registry.npmjs.org/proxy-addr cache-miss
88 http fetch GET 200 https://registry.npmjs.org/accepts 131ms (cache miss)
89 silly packumentCache full:https://registry.npmjs.org/accepts set size:undefined disposed:false
90 silly fetch manifest body-parser@^2.2.1
91 silly packumentCache full:https://registry.npmjs.org/body-parser cache-miss
92 http fetch GET 200 https://registry.npmjs.org/cookie 240ms (cache miss)
93 silly packumentCache full:https://registry.npmjs.org/cookie set size:undefined disposed:false
94 silly fetch manifest escape-html@^1.0.3
95 silly packumentCache full:https://registry.npmjs.org/escape-html cache-miss
96 http fetch GET 200 https://registry.npmjs.org/send 262ms (cache miss)
97 silly packumentCache full:https://registry.npmjs.org/send set size:undefined disposed:false
98 silly fetch manifest http-errors@^2.0.0
99 silly packumentCache full:https://registry.npmjs.org/http-errors cache-miss
100 http fetch GET 200 https://registry.npmjs.org/debug 310ms (cache miss)
101 silly packumentCache full:https://registry.npmjs.org/debug set size:undefined disposed:false
102 silly fetch manifest on-finished@^2.4.1
103 silly packumentCache full:https://registry.npmjs.org/on-finished cache-miss
104 http fetch GET 200 https://registry.npmjs.org/encodeurl 140ms (cache miss)
105 silly packumentCache full:https://registry.npmjs.org/encodeurl set size:undefined disposed:false
106 silly fetch manifest content-type@^1.0.5
107 silly packumentCache full:https://registry.npmjs.org/content-type cache-miss
108 http fetch GET 200 https://registry.npmjs.org/parseurl 156ms (cache miss)
109 silly packumentCache full:https://registry.npmjs.org/parseurl set size:undefined disposed:false
110 silly fetch manifest finalhandler@^2.1.0
111 silly packumentCache full:https://registry.npmjs.org/finalhandler cache-miss
112 http fetch GET 200 https://registry.npmjs.org/statuses 162ms (cache miss)
113 silly packumentCache full:https://registry.npmjs.org/statuses set size:undefined disposed:false
114 silly fetch manifest range-parser@^1.2.1
115 silly packumentCache full:https://registry.npmjs.org/range-parser cache-miss
116 http fetch GET 200 https://registry.npmjs.org/type-is 205ms (cache miss)
117 silly packumentCache full:https://registry.npmjs.org/type-is set size:undefined disposed:false
118 silly fetch manifest serve-static@^2.2.0
119 silly packumentCache full:https://registry.npmjs.org/serve-static cache-miss
120 http fetch GET 200 https://registry.npmjs.org/qs 401ms (cache miss)
121 silly packumentCache full:https://registry.npmjs.org/qs set size:undefined disposed:false
122 silly fetch manifest cookie-signature@^1.2.1
123 silly packumentCache full:https://registry.npmjs.org/cookie-signature cache-miss
124 http fetch GET 200 https://registry.npmjs.org/escape-html 164ms (cache miss)
125 silly packumentCache full:https://registry.npmjs.org/escape-html set size:undefined disposed:false
126 silly fetch manifest merge-descriptors@^2.0.0
127 silly packumentCache full:https://registry.npmjs.org/merge-descriptors cache-miss
128 http fetch GET 200 https://registry.npmjs.org/proxy-addr 213ms (cache miss)
129 silly packumentCache full:https://registry.npmjs.org/proxy-addr set size:undefined disposed:false
130 silly fetch manifest content-disposition@^1.0.0
131 silly packumentCache full:https://registry.npmjs.org/content-disposition cache-miss
132 http fetch GET 200 https://registry.npmjs.org/on-finished 151ms (cache miss)
133 silly packumentCache full:https://registry.npmjs.org/on-finished set size:undefined disposed:false
134 silly fetch manifest kareem@3.3.0
135 silly packumentCache full:https://registry.npmjs.org/kareem cache-miss
136 http fetch GET 200 https://registry.npmjs.org/mime-types 270ms (cache miss)
137 silly packumentCache full:https://registry.npmjs.org/mime-types set size:undefined disposed:false
138 silly fetch manifest mongodb@~7.2
139 silly packumentCache full:https://registry.npmjs.org/mongodb cache-miss
140 http fetch GET 200 https://registry.npmjs.org/http-errors 228ms (cache miss)
141 silly packumentCache full:https://registry.npmjs.org/http-errors set size:undefined disposed:false
142 silly fetch manifest mpath@0.9.0
143 silly packumentCache full:https://registry.npmjs.org/mpath cache-miss
144 http fetch GET 200 https://registry.npmjs.org/body-parser 269ms (cache miss)
145 silly packumentCache full:https://registry.npmjs.org/body-parser set size:undefined disposed:false
146 silly fetch manifest mquery@6.0.0
147 silly packumentCache full:https://registry.npmjs.org/mquery cache-miss
148 http fetch GET 200 https://registry.npmjs.org/content-type 178ms (cache miss)
149 silly packumentCache full:https://registry.npmjs.org/content-type set size:undefined disposed:false
150 silly fetch manifest ms@2.1.3
151 silly packumentCache full:https://registry.npmjs.org/ms cache-miss
152 http fetch GET 200 https://registry.npmjs.org/range-parser 168ms (cache miss)
153 silly packumentCache full:https://registry.npmjs.org/range-parser set size:undefined disposed:false
154 silly fetch manifest sift@17.1.3
155 silly packumentCache full:https://registry.npmjs.org/sift cache-miss
156 http fetch GET 200 https://registry.npmjs.org/finalhandler 189ms (cache miss)
157 silly packumentCache full:https://registry.npmjs.org/finalhandler set size:undefined disposed:false
158 http fetch GET 200 https://registry.npmjs.org/serve-static 181ms (cache miss)
159 silly packumentCache full:https://registry.npmjs.org/serve-static set size:undefined disposed:false
160 http fetch GET 200 https://registry.npmjs.org/cookie-signature 157ms (cache miss)
161 silly packumentCache full:https://registry.npmjs.org/cookie-signature set size:undefined disposed:false
162 http fetch GET 200 https://registry.npmjs.org/merge-descriptors 160ms (cache miss)
163 silly packumentCache full:https://registry.npmjs.org/merge-descriptors set size:undefined disposed:false
164 http fetch GET 200 https://registry.npmjs.org/content-disposition 158ms (cache miss)
165 silly packumentCache full:https://registry.npmjs.org/content-disposition set size:undefined disposed:false
166 http fetch GET 200 https://registry.npmjs.org/kareem 134ms (cache miss)
167 silly packumentCache full:https://registry.npmjs.org/kareem set size:undefined disposed:false
168 http fetch GET 200 https://registry.npmjs.org/mpath 119ms (cache miss)
169 silly packumentCache full:https://registry.npmjs.org/mpath set size:undefined disposed:false
170 http fetch GET 200 https://registry.npmjs.org/ms 108ms (cache miss)
171 silly packumentCache full:https://registry.npmjs.org/ms set size:undefined disposed:false
172 http fetch GET 200 https://registry.npmjs.org/mquery 126ms (cache miss)
173 silly packumentCache full:https://registry.npmjs.org/mquery set size:undefined disposed:false
174 http fetch GET 200 https://registry.npmjs.org/mongodb 192ms (cache miss)
175 silly packumentCache full:https://registry.npmjs.org/mongodb set size:undefined disposed:false
176 http fetch GET 200 https://registry.npmjs.org/sift 336ms (cache miss)
177 silly packumentCache full:https://registry.npmjs.org/sift set size:undefined disposed:false
178 silly placeDep ROOT object-assign@4.1.1 OK for: cors@2.8.6 want: ^4
179 silly placeDep ROOT vary@1.1.2 OK for: cors@2.8.6 want: ^1
180 silly placeDep ROOT accepts@2.0.0 OK for: express@5.2.1 want: ^2.0.0
181 silly placeDep ROOT body-parser@2.2.2 OK for: express@5.2.1 want: ^2.2.1
182 silly placeDep ROOT content-disposition@1.1.0 OK for: express@5.2.1 want: ^1.0.0
183 silly placeDep ROOT content-type@1.0.5 OK for: express@5.2.1 want: ^1.0.5
184 silly placeDep ROOT cookie@0.7.2 OK for: express@5.2.1 want: ^0.7.1
185 silly placeDep ROOT cookie-signature@1.2.2 OK for: express@5.2.1 want: ^1.2.1
186 silly placeDep ROOT debug@4.4.3 OK for: express@5.2.1 want: ^4.4.0
187 silly placeDep ROOT depd@2.0.0 OK for: express@5.2.1 want: ^2.0.0
188 silly placeDep ROOT encodeurl@2.0.0 OK for: express@5.2.1 want: ^2.0.0
189 silly placeDep ROOT escape-html@1.0.3 OK for: express@5.2.1 want: ^1.0.3
190 silly placeDep ROOT etag@1.8.1 OK for: express@5.2.1 want: ^1.8.1
191 silly placeDep ROOT finalhandler@2.1.1 OK for: express@5.2.1 want: ^2.1.0
192 silly placeDep ROOT fresh@2.0.0 OK for: express@5.2.1 want: ^2.0.0
193 silly placeDep ROOT http-errors@2.0.1 OK for: express@5.2.1 want: ^2.0.0
194 silly placeDep ROOT merge-descriptors@2.0.0 OK for: express@5.2.1 want: ^2.0.0
195 silly placeDep ROOT mime-types@3.0.2 OK for: express@5.2.1 want: ^3.0.0
196 silly placeDep ROOT on-finished@2.4.1 OK for: express@5.2.1 want: ^2.4.1
197 silly placeDep ROOT once@1.4.0 OK for: express@5.2.1 want: ^1.4.0
198 silly placeDep ROOT parseurl@1.3.3 OK for: express@5.2.1 want: ^1.3.3
199 silly placeDep ROOT proxy-addr@2.0.7 OK for: express@5.2.1 want: ^2.0.7
200 silly placeDep ROOT qs@6.15.2 OK for: express@5.2.1 want: ^6.14.0
201 silly placeDep ROOT range-parser@1.2.1 OK for: express@5.2.1 want: ^1.2.1
202 silly placeDep ROOT router@2.2.0 OK for: express@5.2.1 want: ^2.2.0
203 silly placeDep ROOT send@1.2.1 OK for: express@5.2.1 want: ^1.1.0
204 silly placeDep ROOT serve-static@2.2.1 OK for: express@5.2.1 want: ^2.2.0
205 silly placeDep ROOT statuses@2.0.2 OK for: express@5.2.1 want: ^2.0.1
206 silly placeDep ROOT type-is@2.1.0 OK for: express@5.2.1 want: ^2.0.1
207 silly fetch manifest negotiator@^1.0.0
208 silly packumentCache full:https://registry.npmjs.org/negotiator cache-miss
209 silly fetch manifest qs@^6.14.1
210 silly packumentCache full:https://registry.npmjs.org/qs cache-miss
211 silly fetch manifest bytes@^3.1.2
212 silly packumentCache full:https://registry.npmjs.org/bytes cache-miss
213 silly fetch manifest debug@^4.4.3
214 silly packumentCache full:https://registry.npmjs.org/debug cache-miss
215 silly fetch manifest raw-body@^3.0.1
216 silly packumentCache full:https://registry.npmjs.org/raw-body cache-miss
217 silly fetch manifest iconv-lite@^0.7.0
218 silly packumentCache full:https://registry.npmjs.org/iconv-lite cache-miss
219 silly fetch manifest ms@^2.1.3
220 silly packumentCache full:https://registry.npmjs.org/ms cache-miss
221 silly fetch manifest inherits@~2.0.4
222 silly packumentCache full:https://registry.npmjs.org/inherits cache-miss
223 silly fetch manifest setprototypeof@~1.2.0
224 silly packumentCache full:https://registry.npmjs.org/setprototypeof cache-miss
225 silly fetch manifest statuses@~2.0.2
226 silly packumentCache full:https://registry.npmjs.org/statuses cache-miss
227 silly fetch manifest toidentifier@~1.0.1
228 silly packumentCache full:https://registry.npmjs.org/toidentifier cache-miss
229 http cache https://registry.npmjs.org/qs 27ms (cache hit)
230 silly packumentCache full:https://registry.npmjs.org/qs set size:356906 disposed:false
231 silly fetch manifest mime-db@^1.54.0
232 silly packumentCache full:https://registry.npmjs.org/mime-db cache-miss
233 http cache https://registry.npmjs.org/ms 26ms (cache hit)
234 silly packumentCache full:https://registry.npmjs.org/ms set size:92208 disposed:false
235 silly fetch manifest ee-first@1.1.1
236 silly packumentCache full:https://registry.npmjs.org/ee-first cache-miss
237 http cache https://registry.npmjs.org/statuses 25ms (cache hit)
238 silly packumentCache full:https://registry.npmjs.org/statuses set size:37117 disposed:false
239 silly fetch manifest wrappy@1
240 silly packumentCache full:https://registry.npmjs.org/wrappy cache-miss
241 http cache https://registry.npmjs.org/debug 33ms (cache hit)
242 silly packumentCache full:https://registry.npmjs.org/debug set size:195840 disposed:false
243 silly fetch manifest forwarded@0.2.0
244 silly packumentCache full:https://registry.npmjs.org/forwarded cache-miss
245 http fetch GET 200 https://registry.npmjs.org/bytes 68ms (cache miss)
246 silly packumentCache full:https://registry.npmjs.org/bytes set size:undefined disposed:false
247 silly fetch manifest ipaddr.js@1.9.1
248 silly packumentCache full:https://registry.npmjs.org/ipaddr.js cache-miss
249 http fetch GET 200 https://registry.npmjs.org/setprototypeof 75ms (cache miss)
250 silly packumentCache full:https://registry.npmjs.org/setprototypeof set size:undefined disposed:false
251 silly fetch manifest side-channel@^1.1.0
252 silly packumentCache full:https://registry.npmjs.org/side-channel cache-miss
253 http fetch GET 200 https://registry.npmjs.org/negotiator 87ms (cache miss)
254 silly packumentCache full:https://registry.npmjs.org/negotiator set size:undefined disposed:false
255 silly fetch manifest is-promise@^4.0.0
256 silly packumentCache full:https://registry.npmjs.org/is-promise cache-miss
257 http fetch GET 200 https://registry.npmjs.org/toidentifier 83ms (cache miss)
258 silly packumentCache full:https://registry.npmjs.org/toidentifier set size:undefined disposed:false
259 silly fetch manifest path-to-regexp@^8.0.0
260 silly packumentCache full:https://registry.npmjs.org/path-to-regexp cache-miss
261 http fetch GET 200 https://registry.npmjs.org/raw-body 91ms (cache miss)
262 silly packumentCache full:https://registry.npmjs.org/raw-body set size:undefined disposed:false
263 silly fetch manifest statuses@^2.0.2
264 silly packumentCache full:https://registry.npmjs.org/statuses cache-hit
265 silly fetch manifest content-type@^2.0.0
266 silly packumentCache full:https://registry.npmjs.org/content-type cache-miss
267 http fetch GET 200 https://registry.npmjs.org/inherits 95ms (cache miss)
268 silly packumentCache full:https://registry.npmjs.org/inherits set size:undefined disposed:false
269 silly fetch manifest media-typer@^1.1.0
270 silly packumentCache full:https://registry.npmjs.org/media-typer cache-miss
271 http fetch GET 200 https://registry.npmjs.org/wrappy 93ms (cache miss)
272 silly packumentCache full:https://registry.npmjs.org/wrappy set size:undefined disposed:false
273 http fetch GET 200 https://registry.npmjs.org/iconv-lite 136ms (cache miss)
274 silly packumentCache full:https://registry.npmjs.org/iconv-lite set size:undefined disposed:false
275 http fetch GET 200 https://registry.npmjs.org/ee-first 124ms (cache miss)
276 silly packumentCache full:https://registry.npmjs.org/ee-first set size:undefined disposed:false
277 http cache https://registry.npmjs.org/content-type 62ms (cache hit)
278 silly packumentCache full:https://registry.npmjs.org/content-type set size:18994 disposed:false
279 http fetch GET 200 https://registry.npmjs.org/forwarded 126ms (cache miss)
280 silly packumentCache full:https://registry.npmjs.org/forwarded set size:undefined disposed:false
281 http fetch GET 200 https://registry.npmjs.org/mime-db 139ms (cache miss)
282 silly packumentCache full:https://registry.npmjs.org/mime-db set size:undefined disposed:false
283 http fetch GET 200 https://registry.npmjs.org/side-channel 90ms (cache miss)
284 silly packumentCache full:https://registry.npmjs.org/side-channel set size:undefined disposed:false
285 http fetch GET 200 https://registry.npmjs.org/ipaddr.js 106ms (cache miss)
286 silly packumentCache full:https://registry.npmjs.org/ipaddr.js set size:undefined disposed:false
287 http fetch GET 200 https://registry.npmjs.org/is-promise 95ms (cache miss)
288 silly packumentCache full:https://registry.npmjs.org/is-promise set size:undefined disposed:false
289 http fetch GET 200 https://registry.npmjs.org/media-typer 83ms (cache miss)
290 silly packumentCache full:https://registry.npmjs.org/media-typer set size:undefined disposed:false
291 http fetch GET 200 https://registry.npmjs.org/path-to-regexp 296ms (cache miss)
292 silly packumentCache full:https://registry.npmjs.org/path-to-regexp set size:undefined disposed:false
293 silly placeDep ROOT negotiator@1.0.0 OK for: accepts@2.0.0 want: ^1.0.0
294 silly placeDep ROOT bytes@3.1.2 OK for: body-parser@2.2.2 want: ^3.1.2
295 silly placeDep ROOT iconv-lite@0.7.2 OK for: body-parser@2.2.2 want: ^0.7.0
296 silly placeDep ROOT raw-body@3.0.2 OK for: body-parser@2.2.2 want: ^3.0.1
297 silly fetch manifest safer-buffer@>= 2.1.2 < 3.0.0
298 silly packumentCache full:https://registry.npmjs.org/safer-buffer cache-miss
299 silly fetch manifest unpipe@~1.0.0
300 silly packumentCache full:https://registry.npmjs.org/unpipe cache-miss
301 http fetch GET 200 https://registry.npmjs.org/safer-buffer 48ms (cache miss)
302 silly packumentCache full:https://registry.npmjs.org/safer-buffer set size:undefined disposed:false
303 http fetch GET 200 https://registry.npmjs.org/unpipe 50ms (cache miss)
304 silly packumentCache full:https://registry.npmjs.org/unpipe set size:undefined disposed:false
305 silly placeDep ROOT ms@2.1.3 OK for: debug@4.4.3 want: ^2.1.3
306 silly placeDep ROOT inherits@2.0.4 OK for: http-errors@2.0.1 want: ~2.0.4
307 silly placeDep ROOT setprototypeof@1.2.0 OK for: http-errors@2.0.1 want: ~1.2.0
308 silly placeDep ROOT toidentifier@1.0.1 OK for: http-errors@2.0.1 want: ~1.0.1
309 silly placeDep ROOT safer-buffer@2.1.2 OK for: iconv-lite@0.7.2 want: >= 2.1.2 < 3.0.0
310 silly placeDep ROOT mime-db@1.54.0 OK for: mime-types@3.0.2 want: ^1.54.0
311 silly fetch manifest @aws-sdk/credential-providers@^3.806.0
312 silly packumentCache full:https://registry.npmjs.org/@aws-sdk%2fcredential-providers cache-miss
313 http fetch GET 200 https://registry.npmjs.org/@aws-sdk%2fcredential-providers 135ms (cache miss)
314 silly packumentCache full:https://registry.npmjs.org/@aws-sdk%2fcredential-providers set size:undefined disposed:false
315 silly fetch manifest @mongodb-js/zstd@^7.0.0
316 silly packumentCache full:https://registry.npmjs.org/@mongodb-js%2fzstd cache-miss
317 http fetch GET 200 https://registry.npmjs.org/@mongodb-js%2fzstd 86ms (cache miss)
318 silly packumentCache full:https://registry.npmjs.org/@mongodb-js%2fzstd set size:undefined disposed:false
319 silly fetch manifest gcp-metadata@^7.0.1
320 silly packumentCache full:https://registry.npmjs.org/gcp-metadata cache-miss
321 http fetch GET 200 https://registry.npmjs.org/gcp-metadata 63ms (cache miss)
322 silly packumentCache full:https://registry.npmjs.org/gcp-metadata set size:undefined disposed:false
323 silly fetch manifest kerberos@^7.0.0
324 silly packumentCache full:https://registry.npmjs.org/kerberos cache-miss
325 http fetch GET 200 https://registry.npmjs.org/kerberos 56ms (cache miss)
326 silly packumentCache full:https://registry.npmjs.org/kerberos set size:undefined disposed:false
327 silly fetch manifest mongodb-client-encryption@>=7.0.0 <7.1.0
328 silly packumentCache full:https://registry.npmjs.org/mongodb-client-encryption cache-miss
329 http fetch GET 200 https://registry.npmjs.org/mongodb-client-encryption 51ms (cache miss)
330 silly packumentCache full:https://registry.npmjs.org/mongodb-client-encryption set size:undefined disposed:false
331 silly fetch manifest snappy@^7.3.2
332 silly packumentCache full:https://registry.npmjs.org/snappy cache-miss
333 http fetch GET 200 https://registry.npmjs.org/snappy 53ms (cache miss)
334 silly packumentCache full:https://registry.npmjs.org/snappy set size:undefined disposed:false
335 silly fetch manifest socks@^2.8.6
336 silly packumentCache full:https://registry.npmjs.org/socks cache-miss
337 http fetch GET 200 https://registry.npmjs.org/socks 295ms (cache miss)
338 silly packumentCache full:https://registry.npmjs.org/socks set size:undefined disposed:false
339 silly placeDep ROOT kareem@3.3.0 OK for: mongoose@9.7.0 want: 3.3.0
340 silly placeDep ROOT mongodb@7.2.0 OK for: mongoose@9.7.0 want: ~7.2
341 silly placeDep ROOT mpath@0.9.0 OK for: mongoose@9.7.0 want: 0.9.0
342 silly placeDep ROOT mquery@6.0.0 OK for: mongoose@9.7.0 want: 6.0.0
343 silly placeDep ROOT sift@17.1.3 OK for: mongoose@9.7.0 want: 17.1.3
344 silly fetch manifest bson@^7.2.0
345 silly packumentCache full:https://registry.npmjs.org/bson cache-miss
346 silly fetch manifest @mongodb-js/saslprep@^1.3.0
347 silly packumentCache full:https://registry.npmjs.org/@mongodb-js%2fsaslprep cache-miss
348 silly fetch manifest mongodb-connection-string-url@^7.0.0
349 silly packumentCache full:https://registry.npmjs.org/mongodb-connection-string-url cache-miss
350 http fetch GET 200 https://registry.npmjs.org/mongodb-connection-string-url 53ms (cache miss)
351 silly packumentCache full:https://registry.npmjs.org/mongodb-connection-string-url set size:undefined disposed:false
352 http fetch GET 200 https://registry.npmjs.org/bson 63ms (cache miss)
353 silly packumentCache full:https://registry.npmjs.org/bson set size:undefined disposed:false
354 http fetch GET 200 https://registry.npmjs.org/@mongodb-js%2fsaslprep 102ms (cache miss)
355 silly packumentCache full:https://registry.npmjs.org/@mongodb-js%2fsaslprep set size:undefined disposed:false
356 silly placeDep ROOT @mongodb-js/saslprep@1.4.11 OK for: mongodb@7.2.0 want: ^1.3.0
357 silly placeDep ROOT bson@7.2.0 OK for: mongodb@7.2.0 want: ^7.2.0
358 silly placeDep ROOT mongodb-connection-string-url@7.0.1 OK for: mongodb@7.2.0 want: ^7.0.0
359 silly fetch manifest sparse-bitfield@^3.0.3
360 silly packumentCache full:https://registry.npmjs.org/sparse-bitfield cache-miss
361 silly fetch manifest whatwg-url@^14.1.0
362 silly packumentCache full:https://registry.npmjs.org/whatwg-url cache-miss
363 silly fetch manifest @types/whatwg-url@^13.0.0
364 silly packumentCache full:https://registry.npmjs.org/@types%2fwhatwg-url cache-miss
365 http fetch GET 200 https://registry.npmjs.org/sparse-bitfield 39ms (cache miss)
366 silly packumentCache full:https://registry.npmjs.org/sparse-bitfield set size:undefined disposed:false
367 http fetch GET 200 https://registry.npmjs.org/whatwg-url 51ms (cache miss)
368 silly packumentCache full:https://registry.npmjs.org/whatwg-url set size:undefined disposed:false
369 http fetch GET 200 https://registry.npmjs.org/@types%2fwhatwg-url 61ms (cache miss)
370 silly packumentCache full:https://registry.npmjs.org/@types%2fwhatwg-url set size:undefined disposed:false
371 silly placeDep ROOT sparse-bitfield@3.0.3 OK for: @mongodb-js/saslprep@1.4.11 want: ^3.0.3
372 silly fetch manifest memory-pager@^1.0.2
373 silly packumentCache full:https://registry.npmjs.org/memory-pager cache-miss
374 http fetch GET 200 https://registry.npmjs.org/memory-pager 40ms (cache miss)
375 silly packumentCache full:https://registry.npmjs.org/memory-pager set size:undefined disposed:false
376 silly placeDep ROOT @types/whatwg-url@13.0.0 OK for: mongodb-connection-string-url@7.0.1 want: ^13.0.0
377 silly placeDep ROOT whatwg-url@14.2.0 OK for: mongodb-connection-string-url@7.0.1 want: ^14.1.0
378 silly fetch manifest @types/webidl-conversions@*
379 silly packumentCache full:https://registry.npmjs.org/@types%2fwebidl-conversions cache-miss
380 silly fetch manifest tr46@^5.1.0
381 silly packumentCache full:https://registry.npmjs.org/tr46 cache-miss
382 silly fetch manifest webidl-conversions@^7.0.0
383 silly packumentCache full:https://registry.npmjs.org/webidl-conversions cache-miss
384 http fetch GET 200 https://registry.npmjs.org/webidl-conversions 31ms (cache miss)
385 silly packumentCache full:https://registry.npmjs.org/webidl-conversions set size:undefined disposed:false
386 http fetch GET 200 https://registry.npmjs.org/tr46 39ms (cache miss)
387 silly packumentCache full:https://registry.npmjs.org/tr46 set size:undefined disposed:false
388 http fetch GET 200 https://registry.npmjs.org/@types%2fwebidl-conversions 100ms (cache miss)
389 silly packumentCache full:https://registry.npmjs.org/@types%2fwebidl-conversions set size:undefined disposed:false
390 silly placeDep ROOT @types/webidl-conversions@7.0.3 OK for: @types/whatwg-url@13.0.0 want: *
391 silly placeDep ROOT ee-first@1.1.1 OK for: on-finished@2.4.1 want: 1.1.1
392 silly placeDep ROOT wrappy@1.0.2 OK for: once@1.4.0 want: 1
393 silly placeDep ROOT forwarded@0.2.0 OK for: proxy-addr@2.0.7 want: 0.2.0
394 silly placeDep ROOT ipaddr.js@1.9.1 OK for: proxy-addr@2.0.7 want: 1.9.1
395 silly placeDep ROOT side-channel@1.1.1 OK for: qs@6.15.2 want: ^1.1.0
396 silly fetch manifest es-errors@^1.3.0
397 silly packumentCache full:https://registry.npmjs.org/es-errors cache-miss
398 silly fetch manifest object-inspect@^1.13.4
399 silly packumentCache full:https://registry.npmjs.org/object-inspect cache-miss
400 silly fetch manifest side-channel-list@^1.0.1
401 silly packumentCache full:https://registry.npmjs.org/side-channel-list cache-miss
402 silly fetch manifest side-channel-map@^1.0.1
403 silly packumentCache full:https://registry.npmjs.org/side-channel-map cache-miss
404 silly fetch manifest side-channel-weakmap@^1.0.2
405 silly packumentCache full:https://registry.npmjs.org/side-channel-weakmap cache-miss
406 http fetch GET 200 https://registry.npmjs.org/side-channel-list 62ms (cache miss)
407 silly packumentCache full:https://registry.npmjs.org/side-channel-list set size:undefined disposed:false
408 http fetch GET 200 https://registry.npmjs.org/side-channel-map 70ms (cache miss)
409 silly packumentCache full:https://registry.npmjs.org/side-channel-map set size:undefined disposed:false
410 http fetch GET 200 https://registry.npmjs.org/side-channel-weakmap 81ms (cache miss)
411 silly packumentCache full:https://registry.npmjs.org/side-channel-weakmap set size:undefined disposed:false
412 http fetch GET 200 https://registry.npmjs.org/es-errors 86ms (cache miss)
413 silly packumentCache full:https://registry.npmjs.org/es-errors set size:undefined disposed:false
414 http fetch GET 200 https://registry.npmjs.org/object-inspect 91ms (cache miss)
415 silly packumentCache full:https://registry.npmjs.org/object-inspect set size:undefined disposed:false
416 silly placeDep ROOT unpipe@1.0.0 OK for: raw-body@3.0.2 want: ~1.0.0
417 silly placeDep ROOT is-promise@4.0.0 OK for: router@2.2.0 want: ^4.0.0
418 silly placeDep ROOT path-to-regexp@8.4.2 OK for: router@2.2.0 want: ^8.0.0
419 silly placeDep ROOT es-errors@1.3.0 OK for: side-channel@1.1.1 want: ^1.3.0
420 silly placeDep ROOT object-inspect@1.13.4 OK for: side-channel@1.1.1 want: ^1.13.4
421 silly placeDep ROOT side-channel-list@1.0.1 OK for: side-channel@1.1.1 want: ^1.0.1
422 silly placeDep ROOT side-channel-map@1.0.1 OK for: side-channel@1.1.1 want: ^1.0.1
423 silly placeDep ROOT side-channel-weakmap@1.0.2 OK for: side-channel@1.1.1 want: ^1.0.2
424 silly fetch manifest call-bound@^1.0.2
425 silly packumentCache full:https://registry.npmjs.org/call-bound cache-miss
426 silly fetch manifest get-intrinsic@^1.2.5
427 silly packumentCache full:https://registry.npmjs.org/get-intrinsic cache-miss
428 silly fetch manifest call-bound@^1.0.2
429 silly packumentCache full:https://registry.npmjs.org/call-bound cache-miss
430 silly fetch manifest get-intrinsic@^1.2.5
431 silly packumentCache full:https://registry.npmjs.org/get-intrinsic cache-miss
432 http fetch GET 200 https://registry.npmjs.org/call-bound 37ms (cache miss)
433 silly packumentCache full:https://registry.npmjs.org/call-bound set size:undefined disposed:false
434 http fetch GET 200 https://registry.npmjs.org/call-bound 47ms (cache miss)
435 silly packumentCache full:https://registry.npmjs.org/call-bound set size:undefined disposed:false
436 http fetch GET 200 https://registry.npmjs.org/get-intrinsic 52ms (cache miss)
437 silly packumentCache full:https://registry.npmjs.org/get-intrinsic set size:undefined disposed:false
438 http fetch GET 200 https://registry.npmjs.org/get-intrinsic 57ms (cache miss)
439 silly packumentCache full:https://registry.npmjs.org/get-intrinsic set size:undefined disposed:false
440 silly placeDep ROOT call-bound@1.0.4 OK for: side-channel-map@1.0.1 want: ^1.0.2
441 silly placeDep ROOT get-intrinsic@1.3.0 OK for: side-channel-map@1.0.1 want: ^1.2.5
442 silly fetch manifest call-bind-apply-helpers@^1.0.2
443 silly packumentCache full:https://registry.npmjs.org/call-bind-apply-helpers cache-miss
444 silly fetch manifest get-intrinsic@^1.3.0
445 silly packumentCache full:https://registry.npmjs.org/get-intrinsic cache-miss
446 silly fetch manifest gopd@^1.2.0
447 silly packumentCache full:https://registry.npmjs.org/gopd cache-miss
448 silly fetch manifest hasown@^2.0.2
449 silly packumentCache full:https://registry.npmjs.org/hasown cache-miss
450 silly fetch manifest get-proto@^1.0.1
451 silly packumentCache full:https://registry.npmjs.org/get-proto cache-miss
452 silly fetch manifest has-symbols@^1.1.0
453 silly packumentCache full:https://registry.npmjs.org/has-symbols cache-miss
454 silly fetch manifest function-bind@^1.1.2
455 silly packumentCache full:https://registry.npmjs.org/function-bind cache-miss
456 silly fetch manifest es-object-atoms@^1.1.1
457 silly packumentCache full:https://registry.npmjs.org/es-object-atoms cache-miss
458 silly fetch manifest math-intrinsics@^1.1.0
459 silly packumentCache full:https://registry.npmjs.org/math-intrinsics cache-miss
460 silly fetch manifest es-define-property@^1.0.1
461 silly packumentCache full:https://registry.npmjs.org/es-define-property cache-miss
462 silly fetch manifest call-bind-apply-helpers@^1.0.2
463 silly packumentCache full:https://registry.npmjs.org/call-bind-apply-helpers cache-miss
464 http cache https://registry.npmjs.org/get-intrinsic 36ms (cache hit)
465 silly packumentCache full:https://registry.npmjs.org/get-intrinsic set size:60985 disposed:false
466 http fetch GET 200 https://registry.npmjs.org/call-bind-apply-helpers 66ms (cache miss)
467 silly packumentCache full:https://registry.npmjs.org/call-bind-apply-helpers set size:undefined disposed:false
468 http fetch GET 200 https://registry.npmjs.org/get-proto 68ms (cache miss)
469 silly packumentCache full:https://registry.npmjs.org/get-proto set size:undefined disposed:false
470 http fetch GET 200 https://registry.npmjs.org/call-bind-apply-helpers 69ms (cache miss)
471 silly packumentCache full:https://registry.npmjs.org/call-bind-apply-helpers set size:undefined disposed:false
472 http fetch GET 200 https://registry.npmjs.org/es-define-property 71ms (cache miss)
473 silly packumentCache full:https://registry.npmjs.org/es-define-property set size:undefined disposed:false
474 http fetch GET 200 https://registry.npmjs.org/has-symbols 76ms (cache miss)
475 silly packumentCache full:https://registry.npmjs.org/has-symbols set size:undefined disposed:false
476 http fetch GET 200 https://registry.npmjs.org/math-intrinsics 75ms (cache miss)
477 silly packumentCache full:https://registry.npmjs.org/math-intrinsics set size:undefined disposed:false
478 http fetch GET 200 https://registry.npmjs.org/es-object-atoms 78ms (cache miss)
479 silly packumentCache full:https://registry.npmjs.org/es-object-atoms set size:undefined disposed:false
480 http fetch GET 200 https://registry.npmjs.org/function-bind 81ms (cache miss)
481 silly packumentCache full:https://registry.npmjs.org/function-bind set size:undefined disposed:false
482 http fetch GET 200 https://registry.npmjs.org/hasown 86ms (cache miss)
483 silly packumentCache full:https://registry.npmjs.org/hasown set size:undefined disposed:false
484 http fetch GET 200 https://registry.npmjs.org/gopd 88ms (cache miss)
485 silly packumentCache full:https://registry.npmjs.org/gopd set size:undefined disposed:false
486 silly placeDep ROOT call-bind-apply-helpers@1.0.2 OK for: call-bound@1.0.4 want: ^1.0.2
487 silly placeDep ROOT function-bind@1.1.2 OK for: call-bind-apply-helpers@1.0.2 want: ^1.1.2
488 silly placeDep ROOT es-define-property@1.0.1 OK for: get-intrinsic@1.3.0 want: ^1.0.1
489 silly placeDep ROOT es-object-atoms@1.1.2 OK for: get-intrinsic@1.3.0 want: ^1.1.1
490 silly placeDep ROOT get-proto@1.0.1 OK for: get-intrinsic@1.3.0 want: ^1.0.1
491 silly placeDep ROOT gopd@1.2.0 OK for: get-intrinsic@1.3.0 want: ^1.2.0
492 silly placeDep ROOT has-symbols@1.1.0 OK for: get-intrinsic@1.3.0 want: ^1.1.0
493 silly placeDep ROOT hasown@2.0.4 OK for: get-intrinsic@1.3.0 want: ^2.0.2
494 silly placeDep ROOT math-intrinsics@1.1.0 OK for: get-intrinsic@1.3.0 want: ^1.1.0
495 silly fetch manifest dunder-proto@^1.0.1
496 silly packumentCache full:https://registry.npmjs.org/dunder-proto cache-miss
497 http fetch GET 200 https://registry.npmjs.org/dunder-proto 45ms (cache miss)
498 silly packumentCache full:https://registry.npmjs.org/dunder-proto set size:undefined disposed:false
499 silly placeDep ROOT dunder-proto@1.0.1 OK for: get-proto@1.0.1 want: ^1.0.1
500 silly placeDep ROOT memory-pager@1.5.0 OK for: sparse-bitfield@3.0.3 want: ^1.0.2
501 silly placeDep node_modules/type-is content-type@2.0.0 OK for: type-is@2.1.0 want: ^2.0.0
502 silly placeDep ROOT media-typer@1.1.0 OK for: type-is@2.1.0 want: ^1.1.0
503 silly placeDep ROOT tr46@5.1.1 OK for: whatwg-url@14.2.0 want: ^5.1.0
504 silly placeDep ROOT webidl-conversions@7.0.0 OK for: whatwg-url@14.2.0 want: ^7.0.0
505 silly fetch manifest punycode@^2.3.1
506 silly packumentCache full:https://registry.npmjs.org/punycode cache-miss
507 http fetch GET 200 https://registry.npmjs.org/punycode 45ms (cache miss)
508 silly packumentCache full:https://registry.npmjs.org/punycode set size:undefined disposed:false
509 silly placeDep ROOT punycode@2.3.1 OK for: tr46@5.1.1 want: ^2.3.1
510 silly reify moves {}
511 silly audit bulk request {
511 silly audit   cors: [ '2.8.6' ],
511 silly audit   dotenv: [ '17.4.2' ],
511 silly audit   express: [ '5.2.1' ],
511 silly audit   mongoose: [ '9.7.0' ],
511 silly audit   'object-assign': [ '4.1.1' ],
511 silly audit   vary: [ '1.1.2' ],
511 silly audit   accepts: [ '2.0.0' ],
511 silly audit   'body-parser': [ '2.2.2' ],
511 silly audit   'content-disposition': [ '1.1.0' ],
511 silly audit   'content-type': [ '1.0.5', '2.0.0' ],
511 silly audit   cookie: [ '0.7.2' ],
511 silly audit   'cookie-signature': [ '1.2.2' ],
511 silly audit   debug: [ '4.4.3' ],
511 silly audit   depd: [ '2.0.0' ],
511 silly audit   encodeurl: [ '2.0.0' ],
511 silly audit   'escape-html': [ '1.0.3' ],
511 silly audit   etag: [ '1.8.1' ],
511 silly audit   finalhandler: [ '2.1.1' ],
511 silly audit   fresh: [ '2.0.0' ],
511 silly audit   'http-errors': [ '2.0.1' ],
511 silly audit   'merge-descriptors': [ '2.0.0' ],
511 silly audit   'mime-types': [ '3.0.2' ],
511 silly audit   'on-finished': [ '2.4.1' ],
511 silly audit   once: [ '1.4.0' ],
511 silly audit   parseurl: [ '1.3.3' ],
511 silly audit   'proxy-addr': [ '2.0.7' ],
511 silly audit   qs: [ '6.15.2' ],
511 silly audit   'range-parser': [ '1.2.1' ],
511 silly audit   router: [ '2.2.0' ],
511 silly audit   send: [ '1.2.1' ],
511 silly audit   'serve-static': [ '2.2.1' ],
511 silly audit   statuses: [ '2.0.2' ],
511 silly audit   'type-is': [ '2.1.0' ],
511 silly audit   negotiator: [ '1.0.0' ],
511 silly audit   bytes: [ '3.1.2' ],
511 silly audit   'iconv-lite': [ '0.7.2' ],
511 silly audit   'raw-body': [ '3.0.2' ],
511 silly audit   ms: [ '2.1.3' ],
511 silly audit   inherits: [ '2.0.4' ],
511 silly audit   setprototypeof: [ '1.2.0' ],
511 silly audit   toidentifier: [ '1.0.1' ],
511 silly audit   'safer-buffer': [ '2.1.2' ],
511 silly audit   'mime-db': [ '1.54.0' ],
511 silly audit   kareem: [ '3.3.0' ],
511 silly audit   mongodb: [ '7.2.0' ],
511 silly audit   mpath: [ '0.9.0' ],
511 silly audit   mquery: [ '6.0.0' ],
511 silly audit   sift: [ '17.1.3' ],
511 silly audit   '@mongodb-js/saslprep': [ '1.4.11' ],
511 silly audit   bson: [ '7.2.0' ],
511 silly audit   'mongodb-connection-string-url': [ '7.0.1' ],
511 silly audit   'sparse-bitfield': [ '3.0.3' ],
511 silly audit   '@types/whatwg-url': [ '13.0.0' ],
511 silly audit   'whatwg-url': [ '14.2.0' ],
511 silly audit   '@types/webidl-conversions': [ '7.0.3' ],
511 silly audit   'ee-first': [ '1.1.1' ],
511 silly audit   wrappy: [ '1.0.2' ],
511 silly audit   forwarded: [ '0.2.0' ],
511 silly audit   'ipaddr.js': [ '1.9.1' ],
511 silly audit   'side-channel': [ '1.1.1' ],
511 silly audit   unpipe: [ '1.0.0' ],
511 silly audit   'is-promise': [ '4.0.0' ],
511 silly audit   'path-to-regexp': [ '8.4.2' ],
511 silly audit   'es-errors': [ '1.3.0' ],
511 silly audit   'object-inspect': [ '1.13.4' ],
511 silly audit   'side-channel-list': [ '1.0.1' ],
511 silly audit   'side-channel-map': [ '1.0.1' ],
511 silly audit   'side-channel-weakmap': [ '1.0.2' ],
511 silly audit   'call-bound': [ '1.0.4' ],
511 silly audit   'get-intrinsic': [ '1.3.0' ],
511 silly audit   'call-bind-apply-helpers': [ '1.0.2' ],
511 silly audit   'function-bind': [ '1.1.2' ],
511 silly audit   'es-define-property': [ '1.0.1' ],
511 silly audit   'es-object-atoms': [ '1.1.2' ],
511 silly audit   'get-proto': [ '1.0.1' ],
511 silly audit   gopd: [ '1.2.0' ],
511 silly audit   'has-symbols': [ '1.1.0' ],
511 silly audit   hasown: [ '2.0.4' ],
511 silly audit   'math-intrinsics': [ '1.1.0' ],
511 silly audit   'dunder-proto': [ '1.0.1' ],
511 silly audit   'memory-pager': [ '1.5.0' ],
511 silly audit   'media-typer': [ '1.1.0' ],
511 silly audit   tr46: [ '5.1.1' ],
511 silly audit   'webidl-conversions': [ '7.0.0' ],
511 silly audit   punycode: [ '2.3.1' ]
511 silly audit }
512 http cache tr46@https://registry.npmjs.org/tr46/-/tr46-5.1.1.tgz 0ms (cache hit)
513 http cache punycode@https://registry.npmjs.org/punycode/-/punycode-2.3.1.tgz 0ms (cache hit)
514 http cache webidl-conversions@https://registry.npmjs.org/webidl-conversions/-/webidl-conversions-7.0.0.tgz 0ms (cache hit)
515 http cache memory-pager@https://registry.npmjs.org/memory-pager/-/memory-pager-1.5.0.tgz 0ms (cache hit)
516 http cache dunder-proto@https://registry.npmjs.org/dunder-proto/-/dunder-proto-1.0.1.tgz 0ms (cache hit)
517 http cache math-intrinsics@https://registry.npmjs.org/math-intrinsics/-/math-intrinsics-1.1.0.tgz 0ms (cache hit)
518 http cache hasown@https://registry.npmjs.org/hasown/-/hasown-2.0.4.tgz 0ms (cache hit)
519 http cache media-typer@https://registry.npmjs.org/media-typer/-/media-typer-1.1.0.tgz 0ms (cache hit)
520 http cache has-symbols@https://registry.npmjs.org/has-symbols/-/has-symbols-1.1.0.tgz 0ms (cache hit)
521 http cache get-proto@https://registry.npmjs.org/get-proto/-/get-proto-1.0.1.tgz 0ms (cache hit)
522 http cache gopd@https://registry.npmjs.org/gopd/-/gopd-1.2.0.tgz 0ms (cache hit)
523 http cache es-object-atoms@https://registry.npmjs.org/es-object-atoms/-/es-object-atoms-1.1.2.tgz 0ms (cache hit)
524 http cache function-bind@https://registry.npmjs.org/function-bind/-/function-bind-1.1.2.tgz 0ms (cache hit)
525 http cache call-bind-apply-helpers@https://registry.npmjs.org/call-bind-apply-helpers/-/call-bind-apply-helpers-1.0.2.tgz 0ms (cache hit)
526 http cache call-bound@https://registry.npmjs.org/call-bound/-/call-bound-1.0.4.tgz 0ms (cache hit)
527 http cache es-define-property@https://registry.npmjs.org/es-define-property/-/es-define-property-1.0.1.tgz 0ms (cache hit)
528 http cache side-channel-weakmap@https://registry.npmjs.org/side-channel-weakmap/-/side-channel-weakmap-1.0.2.tgz 0ms (cache hit)
529 http cache object-inspect@https://registry.npmjs.org/object-inspect/-/object-inspect-1.13.4.tgz 0ms (cache hit)
530 http cache side-channel-list@https://registry.npmjs.org/side-channel-list/-/side-channel-list-1.0.1.tgz 0ms (cache hit)
531 http cache path-to-regexp@https://registry.npmjs.org/path-to-regexp/-/path-to-regexp-8.4.2.tgz 0ms (cache hit)
532 http cache get-intrinsic@https://registry.npmjs.org/get-intrinsic/-/get-intrinsic-1.3.0.tgz 0ms (cache hit)
533 http cache is-promise@https://registry.npmjs.org/is-promise/-/is-promise-4.0.0.tgz 0ms (cache hit)
534 http cache side-channel-map@https://registry.npmjs.org/side-channel-map/-/side-channel-map-1.0.1.tgz 0ms (cache hit)
535 http cache unpipe@https://registry.npmjs.org/unpipe/-/unpipe-1.0.0.tgz 0ms (cache hit)
536 http cache ipaddr.js@https://registry.npmjs.org/ipaddr.js/-/ipaddr.js-1.9.1.tgz 0ms (cache hit)
537 http cache es-errors@https://registry.npmjs.org/es-errors/-/es-errors-1.3.0.tgz 0ms (cache hit)
538 http cache side-channel@https://registry.npmjs.org/side-channel/-/side-channel-1.1.1.tgz 0ms (cache hit)
539 http cache @types/webidl-conversions@https://registry.npmjs.org/@types/webidl-conversions/-/webidl-conversions-7.0.3.tgz 0ms (cache hit)
540 http cache wrappy@https://registry.npmjs.org/wrappy/-/wrappy-1.0.2.tgz 0ms (cache hit)
541 http cache forwarded@https://registry.npmjs.org/forwarded/-/forwarded-0.2.0.tgz 0ms (cache hit)
542 http cache @types/whatwg-url@https://registry.npmjs.org/@types/whatwg-url/-/whatwg-url-13.0.0.tgz 0ms (cache hit)
543 http cache @mongodb-js/saslprep@https://registry.npmjs.org/@mongodb-js/saslprep/-/saslprep-1.4.11.tgz 0ms (cache hit)
544 http cache bson@https://registry.npmjs.org/bson/-/bson-7.2.0.tgz 0ms (cache hit)
545 http cache whatwg-url@https://registry.npmjs.org/whatwg-url/-/whatwg-url-14.2.0.tgz 0ms (cache hit)
546 http cache mongodb-connection-string-url@https://registry.npmjs.org/mongodb-connection-string-url/-/mongodb-connection-string-url-7.0.1.tgz 0ms (cache hit)
547 http cache sparse-bitfield@https://registry.npmjs.org/sparse-bitfield/-/sparse-bitfield-3.0.3.tgz 0ms (cache hit)
548 http cache mongodb@https://registry.npmjs.org/mongodb/-/mongodb-7.2.0.tgz 0ms (cache hit)
549 http cache sift@https://registry.npmjs.org/sift/-/sift-17.1.3.tgz 0ms (cache hit)
550 http cache mpath@https://registry.npmjs.org/mpath/-/mpath-0.9.0.tgz 0ms (cache hit)
551 http cache kareem@https://registry.npmjs.org/kareem/-/kareem-3.3.0.tgz 0ms (cache hit)
552 http cache safer-buffer@https://registry.npmjs.org/safer-buffer/-/safer-buffer-2.1.2.tgz 0ms (cache hit)
553 http cache mquery@https://registry.npmjs.org/mquery/-/mquery-6.0.0.tgz 0ms (cache hit)
554 http cache mime-db@https://registry.npmjs.org/mime-db/-/mime-db-1.54.0.tgz 0ms (cache hit)
555 http cache toidentifier@https://registry.npmjs.org/toidentifier/-/toidentifier-1.0.1.tgz 0ms (cache hit)
556 http cache setprototypeof@https://registry.npmjs.org/setprototypeof/-/setprototypeof-1.2.0.tgz 0ms (cache hit)
557 http cache inherits@https://registry.npmjs.org/inherits/-/inherits-2.0.4.tgz 0ms (cache hit)
558 http cache ms@https://registry.npmjs.org/ms/-/ms-2.1.3.tgz 0ms (cache hit)
559 http cache iconv-lite@https://registry.npmjs.org/iconv-lite/-/iconv-lite-0.7.2.tgz 0ms (cache hit)
560 http cache type-is@https://registry.npmjs.org/type-is/-/type-is-2.1.0.tgz 0ms (cache hit)
561 http cache raw-body@https://registry.npmjs.org/raw-body/-/raw-body-3.0.2.tgz 0ms (cache hit)
562 http cache negotiator@https://registry.npmjs.org/negotiator/-/negotiator-1.0.0.tgz 0ms (cache hit)
563 http cache ee-first@https://registry.npmjs.org/ee-first/-/ee-first-1.1.1.tgz 0ms (cache hit)
564 http cache bytes@https://registry.npmjs.org/bytes/-/bytes-3.1.2.tgz 0ms (cache hit)
565 http cache router@https://registry.npmjs.org/router/-/router-2.2.0.tgz 0ms (cache hit)
566 http cache serve-static@https://registry.npmjs.org/serve-static/-/serve-static-2.2.1.tgz 0ms (cache hit)
567 http cache send@https://registry.npmjs.org/send/-/send-1.2.1.tgz 0ms (cache hit)
568 http cache range-parser@https://registry.npmjs.org/range-parser/-/range-parser-1.2.1.tgz 0ms (cache hit)
569 http cache statuses@https://registry.npmjs.org/statuses/-/statuses-2.0.2.tgz 0ms (cache hit)
570 http cache proxy-addr@https://registry.npmjs.org/proxy-addr/-/proxy-addr-2.0.7.tgz 0ms (cache hit)
571 http cache on-finished@https://registry.npmjs.org/on-finished/-/on-finished-2.4.1.tgz 0ms (cache hit)
572 http cache parseurl@https://registry.npmjs.org/parseurl/-/parseurl-1.3.3.tgz 0ms (cache hit)
573 http cache qs@https://registry.npmjs.org/qs/-/qs-6.15.2.tgz 0ms (cache hit)
574 http cache once@https://registry.npmjs.org/once/-/once-1.4.0.tgz 0ms (cache hit)
575 http cache mime-types@https://registry.npmjs.org/mime-types/-/mime-types-3.0.2.tgz 0ms (cache hit)
576 http cache merge-descriptors@https://registry.npmjs.org/merge-descriptors/-/merge-descriptors-2.0.0.tgz 0ms (cache hit)
577 http cache finalhandler@https://registry.npmjs.org/finalhandler/-/finalhandler-2.1.1.tgz 0ms (cache hit)
578 http cache etag@https://registry.npmjs.org/etag/-/etag-1.8.1.tgz 0ms (cache hit)
579 http cache http-errors@https://registry.npmjs.org/http-errors/-/http-errors-2.0.1.tgz 0ms (cache hit)
580 http cache fresh@https://registry.npmjs.org/fresh/-/fresh-2.0.0.tgz 0ms (cache hit)
581 http cache escape-html@https://registry.npmjs.org/escape-html/-/escape-html-1.0.3.tgz 0ms (cache hit)
582 http cache depd@https://registry.npmjs.org/depd/-/depd-2.0.0.tgz 0ms (cache hit)
583 http cache debug@https://registry.npmjs.org/debug/-/debug-4.4.3.tgz 0ms (cache hit)
584 http cache cookie@https://registry.npmjs.org/cookie/-/cookie-0.7.2.tgz 0ms (cache hit)
585 http cache cookie-signature@https://registry.npmjs.org/cookie-signature/-/cookie-signature-1.2.2.tgz 0ms (cache hit)
586 http cache encodeurl@https://registry.npmjs.org/encodeurl/-/encodeurl-2.0.0.tgz 0ms (cache hit)
587 http cache body-parser@https://registry.npmjs.org/body-parser/-/body-parser-2.2.2.tgz 0ms (cache hit)
588 http cache content-type@https://registry.npmjs.org/content-type/-/content-type-1.0.5.tgz 0ms (cache hit)
589 http cache content-disposition@https://registry.npmjs.org/content-disposition/-/content-disposition-1.1.0.tgz 0ms (cache hit)
590 http cache vary@https://registry.npmjs.org/vary/-/vary-1.1.2.tgz 0ms (cache hit)
591 http cache object-assign@https://registry.npmjs.org/object-assign/-/object-assign-4.1.1.tgz 0ms (cache hit)
592 http cache accepts@https://registry.npmjs.org/accepts/-/accepts-2.0.0.tgz 0ms (cache hit)
593 http cache mongoose@https://registry.npmjs.org/mongoose/-/mongoose-9.7.0.tgz 0ms (cache hit)
594 http cache content-type@https://registry.npmjs.org/content-type/-/content-type-2.0.0.tgz 0ms (cache hit)
595 http cache dotenv@https://registry.npmjs.org/dotenv/-/dotenv-17.4.2.tgz 0ms (cache hit)
596 silly tarball no local data for tr46@https://registry.npmjs.org/tr46/-/tr46-5.1.1.tgz. Extracting by manifest.
597 silly tarball no local data for punycode@https://registry.npmjs.org/punycode/-/punycode-2.3.1.tgz. Extracting by manifest.
598 silly tarball no local data for webidl-conversions@https://registry.npmjs.org/webidl-conversions/-/webidl-conversions-7.0.0.tgz. Extracting by manifest.
599 silly tarball no local data for memory-pager@https://registry.npmjs.org/memory-pager/-/memory-pager-1.5.0.tgz. Extracting by manifest.
600 silly tarball no local data for dunder-proto@https://registry.npmjs.org/dunder-proto/-/dunder-proto-1.0.1.tgz. Extracting by manifest.
601 silly tarball no local data for math-intrinsics@https://registry.npmjs.org/math-intrinsics/-/math-intrinsics-1.1.0.tgz. Extracting by manifest.
602 silly tarball no local data for hasown@https://registry.npmjs.org/hasown/-/hasown-2.0.4.tgz. Extracting by manifest.
603 silly tarball no local data for media-typer@https://registry.npmjs.org/media-typer/-/media-typer-1.1.0.tgz. Extracting by manifest.
604 silly tarball no local data for has-symbols@https://registry.npmjs.org/has-symbols/-/has-symbols-1.1.0.tgz. Extracting by manifest.
605 http cache express@https://registry.npmjs.org/express/-/express-5.2.1.tgz 0ms (cache hit)
606 silly tarball no local data for get-proto@https://registry.npmjs.org/get-proto/-/get-proto-1.0.1.tgz. Extracting by manifest.
607 silly tarball no local data for gopd@https://registry.npmjs.org/gopd/-/gopd-1.2.0.tgz. Extracting by manifest.
608 silly tarball no local data for es-object-atoms@https://registry.npmjs.org/es-object-atoms/-/es-object-atoms-1.1.2.tgz. Extracting by manifest.
609 http cache cors@https://registry.npmjs.org/cors/-/cors-2.8.6.tgz 0ms (cache hit)
610 silly tarball no local data for function-bind@https://registry.npmjs.org/function-bind/-/function-bind-1.1.2.tgz. Extracting by manifest.
611 silly tarball no local data for call-bind-apply-helpers@https://registry.npmjs.org/call-bind-apply-helpers/-/call-bind-apply-helpers-1.0.2.tgz. Extracting by manifest.
612 silly tarball no local data for call-bound@https://registry.npmjs.org/call-bound/-/call-bound-1.0.4.tgz. Extracting by manifest.
613 silly tarball no local data for es-define-property@https://registry.npmjs.org/es-define-property/-/es-define-property-1.0.1.tgz. Extracting by manifest.
614 silly tarball no local data for side-channel-weakmap@https://registry.npmjs.org/side-channel-weakmap/-/side-channel-weakmap-1.0.2.tgz. Extracting by manifest.
615 silly tarball no local data for object-inspect@https://registry.npmjs.org/object-inspect/-/object-inspect-1.13.4.tgz. Extracting by manifest.
616 silly tarball no local data for side-channel-list@https://registry.npmjs.org/side-channel-list/-/side-channel-list-1.0.1.tgz. Extracting by manifest.
617 silly tarball no local data for path-to-regexp@https://registry.npmjs.org/path-to-regexp/-/path-to-regexp-8.4.2.tgz. Extracting by manifest.
618 silly tarball no local data for get-intrinsic@https://registry.npmjs.org/get-intrinsic/-/get-intrinsic-1.3.0.tgz. Extracting by manifest.
619 silly tarball no local data for is-promise@https://registry.npmjs.org/is-promise/-/is-promise-4.0.0.tgz. Extracting by manifest.
620 silly tarball no local data for side-channel-map@https://registry.npmjs.org/side-channel-map/-/side-channel-map-1.0.1.tgz. Extracting by manifest.
621 silly tarball no local data for unpipe@https://registry.npmjs.org/unpipe/-/unpipe-1.0.0.tgz. Extracting by manifest.
622 silly tarball no local data for ipaddr.js@https://registry.npmjs.org/ipaddr.js/-/ipaddr.js-1.9.1.tgz. Extracting by manifest.
623 silly tarball no local data for es-errors@https://registry.npmjs.org/es-errors/-/es-errors-1.3.0.tgz. Extracting by manifest.
624 silly tarball no local data for side-channel@https://registry.npmjs.org/side-channel/-/side-channel-1.1.1.tgz. Extracting by manifest.
625 silly tarball no local data for @types/webidl-conversions@https://registry.npmjs.org/@types/webidl-conversions/-/webidl-conversions-7.0.3.tgz. Extracting by manifest.
626 silly tarball no local data for wrappy@https://registry.npmjs.org/wrappy/-/wrappy-1.0.2.tgz. Extracting by manifest.
627 silly tarball no local data for forwarded@https://registry.npmjs.org/forwarded/-/forwarded-0.2.0.tgz. Extracting by manifest.
628 silly tarball no local data for @types/whatwg-url@https://registry.npmjs.org/@types/whatwg-url/-/whatwg-url-13.0.0.tgz. Extracting by manifest.
629 silly tarball no local data for @mongodb-js/saslprep@https://registry.npmjs.org/@mongodb-js/saslprep/-/saslprep-1.4.11.tgz. Extracting by manifest.
630 silly tarball no local data for bson@https://registry.npmjs.org/bson/-/bson-7.2.0.tgz. Extracting by manifest.
631 silly tarball no local data for whatwg-url@https://registry.npmjs.org/whatwg-url/-/whatwg-url-14.2.0.tgz. Extracting by manifest.
632 silly tarball no local data for mongodb-connection-string-url@https://registry.npmjs.org/mongodb-connection-string-url/-/mongodb-connection-string-url-7.0.1.tgz. Extracting by manifest.
633 silly tarball no local data for sparse-bitfield@https://registry.npmjs.org/sparse-bitfield/-/sparse-bitfield-3.0.3.tgz. Extracting by manifest.
634 silly tarball no local data for mongodb@https://registry.npmjs.org/mongodb/-/mongodb-7.2.0.tgz. Extracting by manifest.
635 silly tarball no local data for sift@https://registry.npmjs.org/sift/-/sift-17.1.3.tgz. Extracting by manifest.
636 silly tarball no local data for mpath@https://registry.npmjs.org/mpath/-/mpath-0.9.0.tgz. Extracting by manifest.
637 silly tarball no local data for kareem@https://registry.npmjs.org/kareem/-/kareem-3.3.0.tgz. Extracting by manifest.
638 silly tarball no local data for safer-buffer@https://registry.npmjs.org/safer-buffer/-/safer-buffer-2.1.2.tgz. Extracting by manifest.
639 silly tarball no local data for mquery@https://registry.npmjs.org/mquery/-/mquery-6.0.0.tgz. Extracting by manifest.
640 silly tarball no local data for mime-db@https://registry.npmjs.org/mime-db/-/mime-db-1.54.0.tgz. Extracting by manifest.
641 silly tarball no local data for toidentifier@https://registry.npmjs.org/toidentifier/-/toidentifier-1.0.1.tgz. Extracting by manifest.
642 silly tarball no local data for setprototypeof@https://registry.npmjs.org/setprototypeof/-/setprototypeof-1.2.0.tgz. Extracting by manifest.
643 silly tarball no local data for inherits@https://registry.npmjs.org/inherits/-/inherits-2.0.4.tgz. Extracting by manifest.
644 silly tarball no local data for ms@https://registry.npmjs.org/ms/-/ms-2.1.3.tgz. Extracting by manifest.
645 silly tarball no local data for iconv-lite@https://registry.npmjs.org/iconv-lite/-/iconv-lite-0.7.2.tgz. Extracting by manifest.
646 silly tarball no local data for type-is@https://registry.npmjs.org/type-is/-/type-is-2.1.0.tgz. Extracting by manifest.
647 silly tarball no local data for raw-body@https://registry.npmjs.org/raw-body/-/raw-body-3.0.2.tgz. Extracting by manifest.
648 silly tarball no local data for negotiator@https://registry.npmjs.org/negotiator/-/negotiator-1.0.0.tgz. Extracting by manifest.
649 silly tarball no local data for ee-first@https://registry.npmjs.org/ee-first/-/ee-first-1.1.1.tgz. Extracting by manifest.
650 silly tarball no local data for bytes@https://registry.npmjs.org/bytes/-/bytes-3.1.2.tgz. Extracting by manifest.
651 silly tarball no local data for router@https://registry.npmjs.org/router/-/router-2.2.0.tgz. Extracting by manifest.
652 silly tarball no local data for serve-static@https://registry.npmjs.org/serve-static/-/serve-static-2.2.1.tgz. Extracting by manifest.
653 silly tarball no local data for send@https://registry.npmjs.org/send/-/send-1.2.1.tgz. Extracting by manifest.
654 silly tarball no local data for range-parser@https://registry.npmjs.org/range-parser/-/range-parser-1.2.1.tgz. Extracting by manifest.
655 silly tarball no local data for statuses@https://registry.npmjs.org/statuses/-/statuses-2.0.2.tgz. Extracting by manifest.
656 silly tarball no local data for proxy-addr@https://registry.npmjs.org/proxy-addr/-/proxy-addr-2.0.7.tgz. Extracting by manifest.
657 silly tarball no local data for on-finished@https://registry.npmjs.org/on-finished/-/on-finished-2.4.1.tgz. Extracting by manifest.
658 silly tarball no local data for parseurl@https://registry.npmjs.org/parseurl/-/parseurl-1.3.3.tgz. Extracting by manifest.
659 silly tarball no local data for qs@https://registry.npmjs.org/qs/-/qs-6.15.2.tgz. Extracting by manifest.
660 silly tarball no local data for once@https://registry.npmjs.org/once/-/once-1.4.0.tgz. Extracting by manifest.
661 silly tarball no local data for mime-types@https://registry.npmjs.org/mime-types/-/mime-types-3.0.2.tgz. Extracting by manifest.
662 silly tarball no local data for merge-descriptors@https://registry.npmjs.org/merge-descriptors/-/merge-descriptors-2.0.0.tgz. Extracting by manifest.
663 silly tarball no local data for finalhandler@https://registry.npmjs.org/finalhandler/-/finalhandler-2.1.1.tgz. Extracting by manifest.
664 silly tarball no local data for etag@https://registry.npmjs.org/etag/-/etag-1.8.1.tgz. Extracting by manifest.
665 silly tarball no local data for http-errors@https://registry.npmjs.org/http-errors/-/http-errors-2.0.1.tgz. Extracting by manifest.
666 silly tarball no local data for fresh@https://registry.npmjs.org/fresh/-/fresh-2.0.0.tgz. Extracting by manifest.
667 silly tarball no local data for escape-html@https://registry.npmjs.org/escape-html/-/escape-html-1.0.3.tgz. Extracting by manifest.
668 silly tarball no local data for depd@https://registry.npmjs.org/depd/-/depd-2.0.0.tgz. Extracting by manifest.
669 silly tarball no local data for debug@https://registry.npmjs.org/debug/-/debug-4.4.3.tgz. Extracting by manifest.
670 silly tarball no local data for cookie@https://registry.npmjs.org/cookie/-/cookie-0.7.2.tgz. Extracting by manifest.
671 silly tarball no local data for cookie-signature@https://registry.npmjs.org/cookie-signature/-/cookie-signature-1.2.2.tgz. Extracting by manifest.
672 silly tarball no local data for encodeurl@https://registry.npmjs.org/encodeurl/-/encodeurl-2.0.0.tgz. Extracting by manifest.
673 silly tarball no local data for body-parser@https://registry.npmjs.org/body-parser/-/body-parser-2.2.2.tgz. Extracting by manifest.
674 silly tarball no local data for content-type@https://registry.npmjs.org/content-type/-/content-type-1.0.5.tgz. Extracting by manifest.
675 silly tarball no local data for content-disposition@https://registry.npmjs.org/content-disposition/-/content-disposition-1.1.0.tgz. Extracting by manifest.
676 silly tarball no local data for vary@https://registry.npmjs.org/vary/-/vary-1.1.2.tgz. Extracting by manifest.
677 silly tarball no local data for object-assign@https://registry.npmjs.org/object-assign/-/object-assign-4.1.1.tgz. Extracting by manifest.
678 silly tarball no local data for accepts@https://registry.npmjs.org/accepts/-/accepts-2.0.0.tgz. Extracting by manifest.
679 silly tarball no local data for mongoose@https://registry.npmjs.org/mongoose/-/mongoose-9.7.0.tgz. Extracting by manifest.
680 silly tarball no local data for content-type@https://registry.npmjs.org/content-type/-/content-type-2.0.0.tgz. Extracting by manifest.
681 silly tarball no local data for dotenv@https://registry.npmjs.org/dotenv/-/dotenv-17.4.2.tgz. Extracting by manifest.
682 silly tarball no local data for express@https://registry.npmjs.org/express/-/express-5.2.1.tgz. Extracting by manifest.
683 silly tarball no local data for cors@https://registry.npmjs.org/cors/-/cors-2.8.6.tgz. Extracting by manifest.
684 http fetch POST 200 https://registry.npmjs.org/-/npm/v1/security/advisories/bulk 405ms
685 silly audit report {}
686 http fetch GET 200 https://registry.npmjs.org/punycode/-/punycode-2.3.1.tgz 643ms (cache miss)
687 http fetch GET 200 https://registry.npmjs.org/has-symbols/-/has-symbols-1.1.0.tgz 642ms (cache miss)
688 http fetch GET 200 https://registry.npmjs.org/memory-pager/-/memory-pager-1.5.0.tgz 708ms (cache miss)
689 http fetch GET 200 https://registry.npmjs.org/media-typer/-/media-typer-1.1.0.tgz 709ms (cache miss)
690 http fetch GET 200 https://registry.npmjs.org/webidl-conversions/-/webidl-conversions-7.0.0.tgz 735ms (cache miss)
691 http fetch GET 200 https://registry.npmjs.org/is-promise/-/is-promise-4.0.0.tgz 767ms (cache miss)
692 http fetch GET 200 https://registry.npmjs.org/call-bound/-/call-bound-1.0.4.tgz 796ms (cache miss)
693 http fetch GET 200 https://registry.npmjs.org/es-define-property/-/es-define-property-1.0.1.tgz 798ms (cache miss)
694 http fetch GET 200 https://registry.npmjs.org/es-errors/-/es-errors-1.3.0.tgz 796ms (cache miss)
695 http fetch GET 200 https://registry.npmjs.org/unpipe/-/unpipe-1.0.0.tgz 803ms (cache miss)
696 http fetch GET 200 https://registry.npmjs.org/side-channel/-/side-channel-1.1.1.tgz 803ms (cache miss)
697 http fetch GET 200 https://registry.npmjs.org/side-channel-map/-/side-channel-map-1.0.1.tgz 823ms (cache miss)
698 http fetch GET 200 https://registry.npmjs.org/forwarded/-/forwarded-0.2.0.tgz 822ms (cache miss)
699 http fetch GET 200 https://registry.npmjs.org/wrappy/-/wrappy-1.0.2.tgz 823ms (cache miss)
700 http fetch GET 200 https://registry.npmjs.org/@types/webidl-conversions/-/webidl-conversions-7.0.3.tgz 824ms (cache miss)
701 http fetch GET 200 https://registry.npmjs.org/toidentifier/-/toidentifier-1.0.1.tgz 846ms (cache miss)
702 http fetch GET 200 https://registry.npmjs.org/sparse-bitfield/-/sparse-bitfield-3.0.3.tgz 870ms (cache miss)
703 http fetch GET 200 https://registry.npmjs.org/range-parser/-/range-parser-1.2.1.tgz 873ms (cache miss)
704 http fetch GET 200 https://registry.npmjs.org/ee-first/-/ee-first-1.1.1.tgz 901ms (cache miss)
705 http fetch GET 200 https://registry.npmjs.org/send/-/send-1.2.1.tgz 905ms (cache miss)
706 http fetch GET 200 https://registry.npmjs.org/ms/-/ms-2.1.3.tgz 945ms (cache miss)
707 http fetch GET 200 https://registry.npmjs.org/raw-body/-/raw-body-3.0.2.tgz 947ms (cache miss)
708 http fetch GET 200 https://registry.npmjs.org/negotiator/-/negotiator-1.0.0.tgz 948ms (cache miss)
709 http fetch GET 200 https://registry.npmjs.org/type-is/-/type-is-2.1.0.tgz 950ms (cache miss)
710 http fetch GET 200 https://registry.npmjs.org/router/-/router-2.2.0.tgz 950ms (cache miss)
711 http fetch GET 200 https://registry.npmjs.org/once/-/once-1.4.0.tgz 954ms (cache miss)
712 http fetch GET 200 https://registry.npmjs.org/inherits/-/inherits-2.0.4.tgz 971ms (cache miss)
713 http fetch GET 200 https://registry.npmjs.org/bytes/-/bytes-3.1.2.tgz 971ms (cache miss)
714 http fetch GET 200 https://registry.npmjs.org/merge-descriptors/-/merge-descriptors-2.0.0.tgz 971ms (cache miss)
715 http fetch GET 200 https://registry.npmjs.org/http-errors/-/http-errors-2.0.1.tgz 972ms (cache miss)
716 http fetch GET 200 https://registry.npmjs.org/escape-html/-/escape-html-1.0.3.tgz 974ms (cache miss)
717 http fetch GET 200 https://registry.npmjs.org/statuses/-/statuses-2.0.2.tgz 986ms (cache miss)
718 http fetch GET 200 https://registry.npmjs.org/cookie-signature/-/cookie-signature-1.2.2.tgz 984ms (cache miss)
719 http fetch GET 200 https://registry.npmjs.org/depd/-/depd-2.0.0.tgz 1001ms (cache miss)
720 http fetch GET 200 https://registry.npmjs.org/finalhandler/-/finalhandler-2.1.1.tgz 1004ms (cache miss)
721 http fetch GET 200 https://registry.npmjs.org/content-disposition/-/content-disposition-1.1.0.tgz 1001ms (cache miss)
722 http fetch GET 200 https://registry.npmjs.org/encodeurl/-/encodeurl-2.0.0.tgz 1007ms (cache miss)
723 http fetch GET 200 https://registry.npmjs.org/ipaddr.js/-/ipaddr.js-1.9.1.tgz 1029ms (cache miss)
724 http fetch GET 200 https://registry.npmjs.org/setprototypeof/-/setprototypeof-1.2.0.tgz 1025ms (cache miss)
725 http fetch GET 200 https://registry.npmjs.org/proxy-addr/-/proxy-addr-2.0.7.tgz 1024ms (cache miss)
726 http fetch GET 200 https://registry.npmjs.org/parseurl/-/parseurl-1.3.3.tgz 1027ms (cache miss)
727 http fetch GET 200 https://registry.npmjs.org/vary/-/vary-1.1.2.tgz 1024ms (cache miss)
728 http fetch GET 200 https://registry.npmjs.org/cors/-/cors-2.8.6.tgz 1008ms (cache miss)
729 http fetch GET 200 https://registry.npmjs.org/fresh/-/fresh-2.0.0.tgz 1047ms (cache miss)
730 http fetch GET 200 https://registry.npmjs.org/object-assign/-/object-assign-4.1.1.tgz 1055ms (cache miss)
731 http fetch GET 200 https://registry.npmjs.org/cookie/-/cookie-0.7.2.tgz 1060ms (cache miss)
732 http fetch GET 200 https://registry.npmjs.org/etag/-/etag-1.8.1.tgz 1069ms (cache miss)
733 http fetch GET 200 https://registry.npmjs.org/content-type/-/content-type-1.0.5.tgz 1071ms (cache miss)
734 http fetch GET 200 https://registry.npmjs.org/path-to-regexp/-/path-to-regexp-8.4.2.tgz 1095ms (cache miss)
735 http fetch GET 200 https://registry.npmjs.org/mime-types/-/mime-types-3.0.2.tgz 1083ms (cache miss)
736 http fetch GET 200 https://registry.npmjs.org/kareem/-/kareem-3.3.0.tgz 1098ms (cache miss)
737 http fetch GET 200 https://registry.npmjs.org/serve-static/-/serve-static-2.2.1.tgz 1095ms (cache miss)
738 http fetch GET 200 https://registry.npmjs.org/safer-buffer/-/safer-buffer-2.1.2.tgz 1104ms (cache miss)
739 http fetch GET 200 https://registry.npmjs.org/hasown/-/hasown-2.0.4.tgz 1122ms (cache miss)
740 http fetch GET 200 https://registry.npmjs.org/get-intrinsic/-/get-intrinsic-1.3.0.tgz 1128ms (cache miss)
741 http fetch GET 200 https://registry.npmjs.org/on-finished/-/on-finished-2.4.1.tgz 1116ms (cache miss)
742 http fetch GET 200 https://registry.npmjs.org/accepts/-/accepts-2.0.0.tgz 1118ms (cache miss)
743 http fetch GET 200 https://registry.npmjs.org/content-type/-/content-type-2.0.0.tgz 1137ms (cache miss)
744 http fetch GET 200 https://registry.npmjs.org/tr46/-/tr46-5.1.1.tgz 1197ms (cache miss)
745 http fetch GET 200 https://registry.npmjs.org/@types/whatwg-url/-/whatwg-url-13.0.0.tgz 1190ms (cache miss)
746 http fetch GET 200 https://registry.npmjs.org/debug/-/debug-4.4.3.tgz 1178ms (cache miss)
747 http fetch GET 200 https://registry.npmjs.org/side-channel-weakmap/-/side-channel-weakmap-1.0.2.tgz 1215ms (cache miss)
748 http fetch GET 200 https://registry.npmjs.org/side-channel-list/-/side-channel-list-1.0.1.tgz 1234ms (cache miss)
749 http fetch GET 200 https://registry.npmjs.org/mongodb-connection-string-url/-/mongodb-connection-string-url-7.0.1.tgz 1233ms (cache miss)
750 http fetch GET 200 https://registry.npmjs.org/gopd/-/gopd-1.2.0.tgz 1245ms (cache miss)
751 http fetch GET 200 https://registry.npmjs.org/function-bind/-/function-bind-1.1.2.tgz 1256ms (cache miss)
752 http fetch GET 200 https://registry.npmjs.org/get-proto/-/get-proto-1.0.1.tgz 1258ms (cache miss)
753 http fetch GET 200 https://registry.npmjs.org/mime-db/-/mime-db-1.54.0.tgz 1247ms (cache miss)
754 http fetch GET 200 https://registry.npmjs.org/mpath/-/mpath-0.9.0.tgz 1257ms (cache miss)
755 http fetch GET 200 https://registry.npmjs.org/dunder-proto/-/dunder-proto-1.0.1.tgz 1270ms (cache miss)
756 http fetch GET 200 https://registry.npmjs.org/express/-/express-5.2.1.tgz 1237ms (cache miss)
757 http fetch GET 200 https://registry.npmjs.org/es-object-atoms/-/es-object-atoms-1.1.2.tgz 1280ms (cache miss)
758 http fetch GET 200 https://registry.npmjs.org/call-bind-apply-helpers/-/call-bind-apply-helpers-1.0.2.tgz 1299ms (cache miss)
759 http fetch GET 200 https://registry.npmjs.org/dotenv/-/dotenv-17.4.2.tgz 1275ms (cache miss)
760 http fetch GET 200 https://registry.npmjs.org/body-parser/-/body-parser-2.2.2.tgz 1281ms (cache miss)
761 http fetch GET 200 https://registry.npmjs.org/whatwg-url/-/whatwg-url-14.2.0.tgz 1305ms (cache miss)
762 http fetch GET 200 https://registry.npmjs.org/mquery/-/mquery-6.0.0.tgz 1321ms (cache miss)
763 http fetch GET 200 https://registry.npmjs.org/qs/-/qs-6.15.2.tgz 1339ms (cache miss)
764 http fetch GET 200 https://registry.npmjs.org/sift/-/sift-17.1.3.tgz 1354ms (cache miss)
765 http fetch GET 200 https://registry.npmjs.org/math-intrinsics/-/math-intrinsics-1.1.0.tgz 1388ms (cache miss)
766 http fetch GET 200 https://registry.npmjs.org/object-inspect/-/object-inspect-1.13.4.tgz 1455ms (cache miss)
767 http fetch GET 200 https://registry.npmjs.org/iconv-lite/-/iconv-lite-0.7.2.tgz 1507ms (cache miss)
768 http fetch GET 200 https://registry.npmjs.org/@mongodb-js/saslprep/-/saslprep-1.4.11.tgz 1555ms (cache miss)
769 http fetch GET 200 https://registry.npmjs.org/bson/-/bson-7.2.0.tgz 1758ms (cache miss)
770 http fetch GET 200 https://registry.npmjs.org/mongoose/-/mongoose-9.7.0.tgz 2422ms (cache miss)
771 http fetch GET 200 https://registry.npmjs.org/mongodb/-/mongodb-7.2.0.tgz 2671ms (cache miss)
772 silly ADD node_modules/punycode
773 silly ADD node_modules/webidl-conversions
774 silly ADD node_modules/tr46
775 silly ADD node_modules/media-typer
776 silly ADD node_modules/memory-pager
777 silly ADD node_modules/dunder-proto
778 silly ADD node_modules/math-intrinsics
779 silly ADD node_modules/hasown
780 silly ADD node_modules/has-symbols
781 silly ADD node_modules/gopd
782 silly ADD node_modules/get-proto
783 silly ADD node_modules/es-object-atoms
784 silly ADD node_modules/es-define-property
785 silly ADD node_modules/function-bind
786 silly ADD node_modules/call-bind-apply-helpers
787 silly ADD node_modules/get-intrinsic
788 silly ADD node_modules/call-bound
789 silly ADD node_modules/side-channel-weakmap
790 silly ADD node_modules/side-channel-map
791 silly ADD node_modules/side-channel-list
792 silly ADD node_modules/object-inspect
793 silly ADD node_modules/es-errors
794 silly ADD node_modules/path-to-regexp
795 silly ADD node_modules/is-promise
796 silly ADD node_modules/unpipe
797 silly ADD node_modules/side-channel
798 silly ADD node_modules/ipaddr.js
799 silly ADD node_modules/forwarded
800 silly ADD node_modules/wrappy
801 silly ADD node_modules/ee-first
802 silly ADD node_modules/@types/webidl-conversions
803 silly ADD node_modules/whatwg-url
804 silly ADD node_modules/@types/whatwg-url
805 silly ADD node_modules/sparse-bitfield
806 silly ADD node_modules/mongodb-connection-string-url
807 silly ADD node_modules/bson
808 silly ADD node_modules/@mongodb-js/saslprep
809 silly ADD node_modules/sift
810 silly ADD node_modules/mquery
811 silly ADD node_modules/mpath
812 silly ADD node_modules/mongodb
813 silly ADD node_modules/kareem
814 silly ADD node_modules/mime-db
815 silly ADD node_modules/safer-buffer
816 silly ADD node_modules/toidentifier
817 silly ADD node_modules/setprototypeof
818 silly ADD node_modules/inherits
819 silly ADD node_modules/ms
820 silly ADD node_modules/raw-body
821 silly ADD node_modules/iconv-lite
822 silly ADD node_modules/bytes
823 silly ADD node_modules/negotiator
824 silly ADD node_modules/type-is
825 silly ADD node_modules/type-is/node_modules/content-type
826 silly ADD node_modules/statuses
827 silly ADD node_modules/serve-static
828 silly ADD node_modules/send
829 silly ADD node_modules/router
830 silly ADD node_modules/range-parser
831 silly ADD node_modules/qs
832 silly ADD node_modules/proxy-addr
833 silly ADD node_modules/parseurl
834 silly ADD node_modules/once
835 silly ADD node_modules/on-finished
836 silly ADD node_modules/mime-types
837 silly ADD node_modules/merge-descriptors
838 silly ADD node_modules/http-errors
839 silly ADD node_modules/fresh
840 silly ADD node_modules/finalhandler
841 silly ADD node_modules/etag
842 silly ADD node_modules/escape-html
843 silly ADD node_modules/encodeurl
844 silly ADD node_modules/depd
845 silly ADD node_modules/debug
846 silly ADD node_modules/cookie-signature
847 silly ADD node_modules/cookie
848 silly ADD node_modules/content-type
849 silly ADD node_modules/content-disposition
850 silly ADD node_modules/body-parser
851 silly ADD node_modules/accepts
852 silly ADD node_modules/vary
853 silly ADD node_modules/object-assign
854 silly ADD node_modules/mongoose
855 silly ADD node_modules/express
856 silly ADD node_modules/dotenv
857 silly ADD node_modules/cors
858 verbose cwd F:\campaignAI\backend
859 verbose os Windows_NT 10.0.26200
860 verbose node v24.13.0
861 verbose npm  v11.6.2
862 verbose exit 0
863 info ok
